[backblue.gif]
[fade.gif]
[index.html]
[10.66.4.49_8000/gui/app-extension/extras/browser/ua-parserb439.js]
[10.66.4.49_8000/gui/app-extension/assets/images-ext/favicon/apple-touch-icon.png]
[10.66.4.49_8000/gui/app-extension/assets/images-ext/favicon/favicon-32x32.png]
[10.66.4.49_8000/gui/app-extension/assets/images-ext/favicon/favicon-16x16.png]
[10.66.4.49_8000/gui/app-extension/scripts/nutanix.minb439.js]
[10.66.4.49_8000/gui/index.html]
[10.66.4.49_8000/gui/app-extension/extras/browser/chrome.jpg]
[10.66.4.49_8000/gui/app-extension/extras/browser/safari.jpg]
[10.66.4.49_8000/gui/app-extension/extras/browser/firefox.jpg]
[10.66.4.49_8000/gui/app-extension/extras/browser/ie.jpg]
[10.66.4.49_8000/gui/app-extension/extras/browser/browser.html]
[10.66.4.49_8000/gui/app-extension/assets/images-ext/favicon/manifestfa3f.html]
[10.66.4.49_8000/gui/app-extension/assets/images-ext/favicon/safari-pinned-tab.svg]
[10.66.4.49_8000/gui/app/assets/styles/includes/css/nutanix-login.minb439.css]
[10.66.4.49_8000/gui/lib/jqrange-slider/css/icons/resultset_previous.png]
[10.66.4.49_8000/gui/lib/jqrange-slider/css/icons/resultset_next.png]
[10.66.4.49_8000/gui/lib/jqrange-slider/css/icons/label.png]
[10.66.4.49_8000/gui/app/assets/styles/thirdparty.minb439.css]
[10.66.4.49_8000/gui/lib/bootstrap-2.2.1/img/glyphicons-halflings.png]
[10.66.4.49_8000/gui/lib/bootstrap-2.2.1/img/glyphicons-halflings-white.png]
[10.66.4.49_8000/gui/lib/bootstrap-2.2.1/css/bootstrapb439.css]
[10.66.4.49_8000/gui/lib/antiscroll/css/antiscrollb439.css]
[10.66.4.49_8000/gui/app-extension/assets/fonts/ProximaNovaSoft-Regular-webfont.eot]
[10.66.4.49_8000/gui/app-extension/assets/fonts/ProximaNovaSoft-Regular-webfont86d7.eot]
[10.66.4.49_8000/gui/app-extension/assets/fonts/ProximaNovaSoft-Medium-webfont.eot]
[10.66.4.49_8000/gui/app-extension/assets/fonts/ProximaNovaSoft-Medium-webfont86d7.eot]
[10.66.4.49_8000/gui/app-extension/assets/fonts/ProximaNovaSoft-Semibold-webfont.eot]
[10.66.4.49_8000/gui/app-extension/assets/fonts/ProximaNovaSoft-Semibold-webfont86d7.eot]
[10.66.4.49_8000/gui/app-extension/assets/fonts/ProximaNovaSoft-Bold-webfont.eot]
[10.66.4.49_8000/gui/app-extension/assets/fonts/ProximaNovaSoft-Bold-webfont86d7.eot]
[10.66.4.49_8000/gui/app-extension/assets/fonts/ss-nutanix-regular-webfont.eot]
[10.66.4.49_8000/gui/app-extension/assets/fonts/ss-nutanix-regular-webfontd41d.eot]
[10.66.4.49_8000/gui/app-extension/assets/fonts/glyphicons-halflings-regular.eot]
[10.66.4.49_8000/gui/app-extension/assets/fonts/glyphicons-halflings-regulard41d.eot]
[10.66.4.49_8000/gui/app-extension/assets/images/spinners/n-loading.gif]
[10.66.4.49_8000/gui/app-extension/assets/images/spinners/dots-loading.gif]
[10.66.4.49_8000/gui/app-extension/assets/images/spinners/rectangular-loading.gif]
[10.66.4.49_8000/gui/app-extension/assets/images/common/header-logo-about.png]
[10.66.4.49_8000/gui/app-extension/assets/styles/includes/css/nutanix.minb439.css]
[10.66.4.49_8000/gui/app-extension/assets/images-ext/logo.svg]
[10.66.4.49_8000/gui/index562d.html]
[10.66.4.49_8000/gui/app-extension/assets/fonts/ProximaNovaSoft-Regular-webfont.html]
[10.66.4.49_8000/gui/app-extension/assets/fonts/ProximaNovaSoft-Regular-webfont-2.html]
[10.66.4.49_8000/gui/app-extension/assets/fonts/ProximaNovaSoft-Regular-webfont.svg]
[10.66.4.49_8000/gui/app-extension/assets/fonts/ProximaNovaSoft-Medium-webfont.html]
[10.66.4.49_8000/gui/app-extension/assets/fonts/ProximaNovaSoft-Medium-webfont-2.html]
[10.66.4.49_8000/gui/app-extension/scripts/nutanix.minb439.js]
[10.66.4.49_8000/gui/app-extension/assets/fonts/ProximaNovaSoft-Medium-webfont.svg]
[10.66.4.49_8000/gui/app-extension/assets/fonts/ProximaNovaSoft-Semibold-webfont.html]
[10.66.4.49_8000/gui/app-extension/assets/fonts/ProximaNovaSoft-Semibold-webfont-2.html]
[10.66.4.49_8000/gui/app-extension/assets/fonts/ProximaNovaSoft-Semibold-webfont.svg]
[10.66.4.49_8000/gui/app-extension/assets/fonts/ProximaNovaSoft-Bold-webfont.html]
[10.66.4.49_8000/gui/app-extension/assets/fonts/ProximaNovaSoft-Bold-webfont-2.html]
[10.66.4.49_8000/gui/app-extension/assets/fonts/ProximaNovaSoft-Bold-webfont.svg]
[10.66.4.49_8000/gui/app-extension/assets/fonts/ss-nutanix-regular-webfont.html]
[10.66.4.49_8000/gui/app-extension/assets/fonts/ss-nutanix-regular-webfont-2.html]
[10.66.4.49_8000/gui/app-extension/assets/fonts/ss-nutanix-regular-webfont.svg]
[10.66.4.49_8000/gui/app-extension/assets/fonts/glyphicons-halflings-regular.html]
[10.66.4.49_8000/gui/app-extension/assets/fonts/glyphicons-halflings-regular-2.html]
[10.66.4.49_8000/gui/app-extension/assets/fonts/glyphicons-halflings-regular.svg]
[10.66.4.49_8000/gui/app-extension/assets/images/common/header-bg-breadcrumb.html]
[10.66.4.49_8000/gui/app-extension/scripts/nutanix.minb439.js]
